[100352, 179200, 19]
[100352, 179201, 19]
[100352, 179202, 19]
[100352, 179203, 19]
[100352, 179204, 19]
[100352, 179205, 19]
[100352, 179206, 19]
[100352, 179207, 19]
[100353, 179200, 19]
[100353, 179201, 19]
[100353, 179202, 19]
[100353, 179203, 19]
[100353, 179204, 19]
[100353, 179205, 19]
[100353, 179206, 19]
[100353, 179207, 19]
[100354, 179200, 19]
[100354, 179201, 19]
[100354, 179202, 19]
[100354, 179203, 19]
[100354, 179204, 19]
[100354, 179205, 19]
[100354, 179206, 19]
[100354, 179207, 19]
[100355, 179200, 19]
[100355, 179201, 19]
[100355, 179202, 19]
[100355, 179203, 19]
[100355, 179204, 19]
[100355, 179205, 19]
[100355, 179206, 19]
[100355, 179207, 19]
[100356, 179200, 19]
[100356, 179201, 19]
[100356, 179202, 19]
[100356, 179203, 19]
[100356, 179204, 19]
[100356, 179205, 19]
[100356, 179206, 19]
[100356, 179207, 19]
[100357, 179200, 19]
[100357, 179201, 19]
[100357, 179202, 19]
[100357, 179203, 19]
[100357, 179204, 19]
[100357, 179205, 19]
[100357, 179206, 19]
[100357, 179207, 19]
[100358, 179200, 19]
[100358, 179201, 19]
[100358, 179202, 19]
[100358, 179203, 19]
[100358, 179204, 19]
[100358, 179205, 19]
[100358, 179206, 19]
[100358, 179207, 19]
[100359, 179200, 19]
[100359, 179201, 19]
[100359, 179202, 19]
[100359, 179203, 19]
[100359, 179204, 19]
[100359, 179205, 19]
[100359, 179206, 19]
[100359, 179207, 19]
