{"minX": 85917, "minY": 206848, "tiles": [[19, 85987, 206848], [19, 85986, 206848], [19, 85917, 206848], [19, 85920, 206848], [19, 85953, 206848], [19, 85987, 206849], [19, 85920, 206849], [19, 85984, 206850], [19, 85921, 206848], [19, 85986, 206849], [19, 85919, 206848], [19, 85952, 206849], [19, 85985, 206848], [19, 85984, 206851], [19, 85984, 206848], [19, 85918, 206848], [19, 85921, 206849], [19, 85985, 206851], [19, 85953, 206849], [19, 85919, 206849], [19, 85984, 206849], [19, 85985, 206850], [19, 85986, 206850], [19, 85952, 206848], [19, 85954, 206849], [19, 85985, 206849], [19, 85988, 206848], [19, 85989, 206848], [19, 85986, 206851], [19, 85955, 206848], [19, 85954, 206848], [19, 85987, 206851], [19, 85953, 206850], [19, 85955, 206851], [19, 85988, 206849], [19, 85957, 206849], [19, 85954, 206850], [19, 85956, 206849], [19, 85957, 206848], [19, 85958, 206848], [19, 85955, 206849], [19, 85955, 206850], [19, 85956, 206848], [19, 85989, 206849], [19, 85959, 206848], [19, 85991, 206848], [19, 85990, 206848], [19, 85990, 206849], [19, 85991, 206849], [19, 85958, 206849], [19, 85923, 206848], [19, 85988, 206851], [19, 85922, 206848], [19, 85922, 206849], [19, 85926, 206849], [19, 85927, 206849], [19, 85924, 206848], [19, 85989, 206850], [19, 85925, 206848], [19, 85988, 206850], [19, 85989, 206851], [19, 85959, 206849], [19, 85926, 206848], [19, 85927, 206848], [19, 85991, 206850], [19, 85987, 206850], [19, 85928, 206848], [19, 85990, 206850], [19, 85990, 206851], [19, 85957, 206850], [19, 85929, 206848], [19, 85958, 206851], [19, 85928, 206849], [19, 85956, 206850], [19, 85930, 206848], [19, 85956, 206851], [19, 85946, 206848], [19, 85959, 206851], [19, 85945, 206848], [19, 85985, 206852], [19, 85984, 206852], [19, 85991, 206851], [19, 85958, 206850], [19, 85957, 206851], [19, 85959, 206850], [19, 85947, 206849], [19, 85986, 206852], [19, 85986, 206853], [19, 85987, 206852], [19, 85984, 206853], [19, 85985, 206853], [19, 85960, 206848], [19, 85947, 206848], [19, 85960, 206849], [19, 85962, 206849], [19, 85963, 206848], [19, 85948, 206848], [19, 85987, 206853], [19, 85961, 206849], [19, 85962, 206848], [19, 85984, 206855], [19, 85984, 206854], [19, 85960, 206850], [19, 85961, 206848], [19, 85948, 206849], [19, 85985, 206854], [19, 85963, 206849], [19, 85985, 206855], [19, 85963, 206851], [19, 85961, 206851], [19, 85960, 206851], [19, 85949, 206848], [19, 85962, 206851], [19, 85961, 206850], [19, 85949, 206849], [19, 85986, 206855], [19, 85962, 206850], [19, 85950, 206848], [19, 85963, 206850], [19, 85986, 206854], [19, 85987, 206854], [19, 85964, 206848], [19, 85951, 206849], [19, 85950, 206849], [19, 85951, 206848], [19, 85987, 206855], [19, 85965, 206848], [19, 85964, 206849], [19, 85989, 206852], [19, 85988, 206852], [19, 85965, 206849], [19, 85988, 206853], [19, 85990, 206853], [19, 85990, 206852], [19, 85989, 206853], [19, 85991, 206852], [19, 85991, 206853], [19, 85966, 206849], [19, 85989, 206855], [19, 85989, 206854], [19, 85966, 206848], [19, 85990, 206855], [19, 85988, 206855], [19, 85988, 206854], [19, 85967, 206849], [19, 85990, 206854], [19, 85991, 206854], [19, 85967, 206848], [19, 85967, 206850], [19, 85964, 206850], [19, 85966, 206850], [19, 85965, 206850], [19, 85991, 206855], [19, 85970, 206849], [19, 85970, 206848], [19, 85968, 206848], [19, 85968, 206849], [19, 85969, 206849], [19, 85969, 206848], [19, 85971, 206848], [19, 85971, 206851], [19, 85969, 206850], [19, 85970, 206850], [19, 85968, 206850], [19, 85971, 206850], [19, 85992, 206848], [19, 85971, 206849], [19, 85995, 206848], [19, 85994, 206848], [19, 85992, 206849], [19, 85994, 206849], [19, 85995, 206849], [19, 85993, 206849], [19, 85993, 206848], [19, 85995, 206850], [19, 85994, 206850], [19, 85992, 206850], [19, 85993, 206850], [19, 85996, 206848], [19, 85995, 206851], [19, 85972, 206848], [19, 85997, 206848], [19, 85999, 206848], [19, 85999, 206849], [19, 85998, 206848], [19, 85997, 206849], [19, 85998, 206849], [19, 85996, 206849], [19, 85996, 206850], [19, 85997, 206851], [19, 85996, 206851], [19, 85997, 206850], [19, 85999, 206851], [19, 85998, 206850], [19, 85999, 206850], [19, 85998, 206851], [19, 85993, 206851], [19, 85992, 206851], [19, 85994, 206851], [19, 85995, 206852], [19, 85995, 206853], [19, 85973, 206848], [19, 85973, 206849], [19, 85975, 206855], [19, 85993, 206852], [19, 85972, 206850], [19, 85994, 206854], [19, 85993, 206855], [19, 85972, 206852], [19, 85994, 206852], [19, 85995, 206855], [19, 85975, 206853], [19, 85992, 206852], [19, 85972, 206851], [19, 85973, 206852], [19, 85996, 206852], [19, 85992, 206854], [19, 85992, 206853], [19, 85972, 206849], [19, 85999, 206852], [19, 85997, 206852], [19, 85979, 206848], [19, 85974, 206848], [19, 85974, 206850], [19, 85998, 206853], [19, 85973, 206851], [19, 85993, 206854], [19, 85994, 206853], [19, 85999, 206853], [19, 85998, 206852], [19, 85974, 206852], [19, 85975, 206854], [19, 85993, 206853], [19, 85974, 206854], [19, 85974, 206853], [19, 85992, 206855], [19, 85974, 206849], [19, 85976, 206850], [19, 85979, 206849], [19, 85973, 206853], [19, 85994, 206855], [19, 85977, 206851], [19, 85975, 206850], [19, 85975, 206849], [19, 85995, 206854], [19, 85981, 206848], [19, 85982, 206848], [19, 85977, 206850], [19, 85983, 206848], [19, 85976, 206851], [19, 85978, 206848], [19, 85980, 206849], [19, 85975, 206848], [19, 85976, 206849], [19, 85975, 206851], [19, 85977, 206849], [19, 85977, 206848], [19, 85980, 206848], [19, 85973, 206850], [19, 85997, 206853], [19, 85978, 206849], [19, 85976, 206848], [19, 85975, 206852], [19, 85982, 206849], [19, 85979, 206851], [19, 85978, 206851], [19, 85981, 206849], [19, 85974, 206851], [19, 85986, 206859], [19, 85998, 206854], [19, 85986, 206858], [19, 85987, 206859], [19, 85987, 206857], [19, 85978, 206850], [19, 85984, 206857], [19, 85985, 206858], [19, 85991, 206857], [19, 85984, 206856], [19, 85998, 206855], [19, 85997, 206854], [19, 85996, 206854], [19, 85999, 206855], [19, 85999, 206854], [19, 85996, 206855], [19, 85985, 206856], [19, 85987, 206858], [19, 85996, 206853], [19, 85987, 206856], [19, 85986, 206856], [19, 85989, 206856], [19, 85985, 206857], [19, 85981, 206851], [19, 85984, 206858], [19, 85990, 206856], [19, 85976, 206855], [19, 85979, 206850], [19, 85983, 206851], [19, 85978, 206852], [19, 85986, 206857], [19, 85988, 206857], [19, 85978, 206853], [19, 85989, 206857], [19, 85982, 206851], [19, 85990, 206857], [19, 85983, 206849], [19, 85976, 206854], [19, 85980, 206853], [19, 85980, 206851], [19, 85977, 206854], [19, 85997, 206855], [19, 85992, 206857], [19, 85983, 206850], [19, 85981, 206854], [19, 85981, 206850], [19, 85988, 206856], [19, 85981, 206853], [19, 85979, 206853], [19, 85978, 206855], [19, 85979, 206854], [19, 85977, 206855], [19, 85981, 206855], [19, 85980, 206850], [19, 85982, 206854], [19, 85983, 206852], [19, 85977, 206852], [19, 85979, 206852], [19, 85991, 206856], [19, 85989, 206861], [19, 85983, 206854], [19, 85976, 206853], [19, 85990, 206859], [19, 85987, 206860], [19, 85981, 206852], [19, 85982, 206852], [19, 85982, 206853], [19, 85990, 206861], [19, 85989, 206858], [19, 85988, 206860], [19, 85982, 206850], [19, 85977, 206853], [19, 85979, 206855], [19, 85983, 206853], [19, 85990, 206862], [19, 85977, 206856], [19, 85990, 206858], [19, 85979, 206857], [19, 85980, 206852], [19, 85988, 206858], [19, 85990, 206860], [19, 85988, 206859], [19, 85981, 206857], [19, 85978, 206854], [19, 85991, 206859], [19, 85982, 206855], [19, 85980, 206855], [19, 85978, 206857], [19, 85992, 206856], [19, 85983, 206855], [19, 85991, 206862], [19, 85978, 206856], [19, 85983, 206858], [19, 85989, 206860], [19, 85991, 206861], [19, 85991, 206858], [19, 85976, 206852], [19, 85982, 206857], [19, 85982, 206858], [19, 85980, 206856], [19, 85980, 206854], [19, 85991, 206860], [19, 85983, 206856], [19, 85995, 206857], [19, 85981, 206856], [19, 85979, 206856], [19, 85993, 206856], [19, 85995, 206856], [19, 85993, 206859], [19, 85982, 206856], [19, 85994, 206856], [19, 85993, 206857], [19, 85993, 206858], [19, 85992, 206859], [19, 85989, 206859], [19, 85983, 206857], [19, 85994, 206857], [19, 85992, 206858], [19, 85998, 206859], [19, 85998, 206856], [19, 86000, 206848], [19, 86001, 206848], [19, 86002, 206848], [19, 85997, 206859], [19, 86000, 206849], [19, 85994, 206862], [19, 85994, 206863], [19, 86002, 206849], [19, 85992, 206862], [19, 85996, 206859], [19, 86001, 206849], [19, 86001, 206850], [19, 86002, 206851], [19, 86003, 206849], [19, 86003, 206850], [19, 85995, 206860], [19, 86003, 206848], [19, 85992, 206860], [19, 86000, 206851], [19, 86006, 206852], [19, 86004, 206848], [19, 85995, 206858], [19, 86006, 206848], [19, 86003, 206851], [19, 85995, 206863], [19, 86002, 206850], [19, 86000, 206850], [19, 86001, 206851], [19, 85997, 206862], [19, 85998, 206861], [19, 85998, 206862], [19, 85995, 206859], [19, 86005, 206851], [19, 86007, 206849], [19, 86007, 206850], [19, 86006, 206850], [19, 85997, 206857], [19, 86008, 206849], [19, 86006, 206851], [19, 86007, 206848], [19, 86005, 206850], [19, 86004, 206849], [19, 86005, 206849], [19, 86004, 206851], [19, 86001, 206853], [19, 86000, 206852], [19, 86005, 206848], [19, 86007, 206851], [19, 86004, 206850], [19, 86000, 206853], [19, 85996, 206862], [19, 85995, 206862], [19, 86006, 206849], [19, 86002, 206853], [19, 85992, 206861], [19, 85996, 206856], [19, 86001, 206854], [19, 86000, 206854], [19, 86001, 206852], [19, 86003, 206852], [19, 86003, 206853], [19, 85999, 206858], [19, 86006, 206853], [19, 86007, 206852], [19, 86004, 206852], [19, 85994, 206861], [19, 85999, 206859], [19, 86005, 206852], [19, 86003, 206854], [19, 86002, 206854], [19, 85999, 206856], [19, 86004, 206853], [19, 86005, 206855], [19, 86004, 206855], [19, 86002, 206852], [19, 86003, 206855], [19, 85999, 206862], [19, 85999, 206861], [19, 86005, 206853], [19, 86007, 206853], [19, 86008, 206848], [19, 86004, 206854], [19, 85998, 206858], [19, 86007, 206855], [19, 86006, 206855], [19, 86009, 206849], [19, 85997, 206861], [19, 86009, 206850], [19, 85996, 206857], [19, 85998, 206860], [19, 86009, 206855], [19, 86010, 206849], [19, 85997, 206860], [19, 86008, 206850], [19, 86010, 206851], [19, 86009, 206851], [19, 85999, 206857], [19, 86006, 206854], [19, 86009, 206848], [19, 86008, 206851], [19, 86012, 206848], [19, 86011, 206849], [19, 86011, 206851], [19, 86010, 206850], [19, 85997, 206856], [19, 85996, 206861], [19, 86005, 206854], [19, 86015, 206848], [19, 86012, 206849], [19, 86013, 206849], [19, 86009, 206853], [19, 86013, 206851], [19, 86011, 206850], [19, 85993, 206860], [19, 85998, 206863], [19, 86014, 206849], [19, 85994, 206860], [19, 86010, 206848], [19, 85994, 206859], [19, 85997, 206863], [19, 86015, 206850], [19, 86014, 206851], [19, 86008, 206852], [19, 86011, 206848], [19, 85996, 206863], [19, 86013, 206850], [19, 85993, 206861], [19, 86011, 206852], [19, 86014, 206850], [19, 86012, 206851], [19, 86011, 206853], [19, 86013, 206848], [19, 85993, 206862], [19, 86010, 206853], [19, 86008, 206854], [19, 86009, 206854], [19, 86012, 206850], [19, 86011, 206854], [19, 86008, 206855], [19, 86010, 206854], [19, 86010, 206852], [19, 86011, 206855], [19, 85998, 206857], [19, 86012, 206853], [19, 86010, 206855], [19, 86007, 206854], [19, 86014, 206848], [19, 86015, 206851], [19, 86015, 206853], [19, 86009, 206852], [19, 86013, 206852], [19, 86008, 206853], [19, 86013, 206853], [19, 86014, 206853], [19, 86015, 206849], [19, 86015, 206852], [19, 86012, 206854], [19, 85996, 206860], [19, 86015, 206854], [19, 86014, 206852], [19, 86014, 206854], [19, 86013, 206855], [19, 86012, 206855], [19, 86003, 206857], [19, 86013, 206854], [19, 85994, 206858], [19, 85999, 206860], [19, 86014, 206855], [19, 86003, 206856], [19, 85996, 206858], [19, 85995, 206861], [19, 85999, 206863], [19, 86012, 206852], [19, 86015, 206855], [19, 85997, 206858], [19, 86004, 206857], [19, 86005, 206856], [19, 86004, 206859], [19, 86005, 206857], [19, 86004, 206858], [19, 86005, 206859], [19, 86004, 206861], [19, 86007, 206856], [19, 86004, 206856], [19, 86007, 206857], [19, 86005, 206858], [19, 86007, 206858], [19, 86006, 206856], [19, 86006, 206860], [19, 86001, 206856], [19, 86005, 206861], [19, 86005, 206860], [19, 86004, 206860], [19, 86006, 206857], [19, 86005, 206862], [19, 86006, 206861], [19, 86006, 206862], [19, 86007, 206860], [19, 86001, 206855], [19, 86007, 206859], [19, 86007, 206861], [19, 86000, 206856], [19, 86004, 206862], [19, 86006, 206858], [19, 86006, 206859], [19, 86007, 206862], [19, 86002, 206855], [19, 86000, 206855], [19, 86002, 206856], [19, 86000, 206857], [19, 86001, 206859], [19, 86001, 206857], [19, 86002, 206859], [19, 86009, 206857], [19, 86003, 206862], [19, 86011, 206856], [19, 86014, 206857], [19, 86008, 206859], [19, 86009, 206856], [19, 86013, 206857], [19, 86012, 206856], [19, 86008, 206857], [19, 86008, 206858], [19, 86011, 206858], [19, 86010, 206857], [19, 86011, 206857], [19, 86013, 206858], [19, 86010, 206856], [19, 86010, 206859], [19, 86014, 206856], [19, 86011, 206859], [19, 86014, 206858], [19, 86002, 206862], [19, 86009, 206859], [19, 86010, 206858], [19, 86012, 206859], [19, 86015, 206857], [19, 86009, 206858], [19, 86012, 206857], [19, 86013, 206859], [19, 86008, 206856], [19, 86008, 206860], [19, 86014, 206859], [19, 86008, 206861], [19, 86013, 206856], [19, 86012, 206858], [19, 86010, 206860], [19, 86001, 206862], [19, 86015, 206856], [19, 86007, 206863], [19, 86011, 206861], [19, 86011, 206862], [19, 86010, 206862], [19, 86011, 206860], [19, 86009, 206860], [19, 86008, 206862], [19, 86000, 206862], [19, 86000, 206859], [19, 86010, 206861], [19, 86009, 206862], [19, 86009, 206861], [19, 86015, 206858], [19, 86002, 206857], [19, 86015, 206859], [19, 86001, 206858], [19, 86003, 206860], [19, 86002, 206861], [19, 86001, 206861], [19, 86002, 206858], [19, 86002, 206860], [19, 86001, 206860], [19, 86000, 206860], [19, 86000, 206863], [19, 86001, 206863], [19, 86003, 206858], [19, 86003, 206859], [19, 86004, 206863], [19, 86003, 206863], [19, 86005, 206863], [19, 86000, 206861], [19, 86006, 206863], [19, 86000, 206858], [19, 86002, 206863], [19, 86003, 206861], [19, 86010, 206863], [19, 86012, 206862], [19, 86013, 206862], [19, 86014, 206861], [19, 86015, 206861], [19, 86009, 206863], [19, 86013, 206860], [19, 86015, 206862], [19, 86012, 206860], [19, 86012, 206861], [19, 86014, 206860], [19, 86015, 206860], [19, 86008, 206863], [19, 86014, 206862], [19, 86013, 206861], [19, 85994, 206867], [19, 85999, 206868], [19, 85994, 206868], [19, 85995, 206869], [19, 85996, 206870], [19, 85998, 206865], [19, 85996, 206865], [19, 85995, 206865], [19, 85997, 206871], [19, 86013, 206863], [19, 85996, 206866], [19, 85997, 206865], [19, 85996, 206871], [19, 85997, 206868], [19, 85999, 206865], [19, 85995, 206867], [19, 85996, 206868], [19, 85995, 206864], [19, 85999, 206869], [19, 85995, 206868], [19, 85998, 206864], [19, 85995, 206866], [19, 86000, 206865], [19, 86011, 206863], [19, 85998, 206871], [19, 85999, 206866], [19, 85998, 206866], [19, 85996, 206869], [19, 85997, 206866], [19, 85999, 206871], [19, 86012, 206863], [19, 85996, 206864], [19, 85998, 206869], [19, 85998, 206868], [19, 85997, 206867], [19, 85998, 206867], [19, 86014, 206863], [19, 85996, 206867], [19, 85997, 206870], [19, 86015, 206863], [19, 85999, 206867], [19, 85999, 206864], [19, 85997, 206869], [19, 85997, 206864], [19, 85998, 206870], [19, 86000, 206864], [19, 86001, 206864], [19, 86004, 206864], [19, 86001, 206865], [19, 86003, 206865], [19, 86007, 206867], [19, 86007, 206864], [19, 86002, 206865], [19, 86004, 206867], [19, 86002, 206868], [19, 86007, 206866], [19, 86001, 206869], [19, 86002, 206870], [19, 86001, 206868], [19, 86000, 206871], [19, 86000, 206868], [19, 86001, 206871], [19, 86005, 206865], [19, 86001, 206867], [19, 86003, 206867], [19, 86002, 206871], [19, 86005, 206864], [19, 86003, 206870], [19, 85999, 206870], [19, 86002, 206866], [19, 86005, 206867], [19, 86001, 206866], [19, 86004, 206866], [19, 86003, 206864], [19, 86006, 206865], [19, 86003, 206866], [19, 86000, 206866], [19, 86007, 206865], [19, 86006, 206867], [19, 86005, 206866], [19, 86000, 206869], [19, 86002, 206869], [19, 86002, 206867], [19, 86003, 206871], [19, 86001, 206870], [19, 86004, 206865], [19, 86005, 206871], [19, 86003, 206869], [19, 86003, 206868], [19, 86000, 206867], [19, 86006, 206866], [19, 86007, 206871], [19, 86004, 206868], [19, 86002, 206864], [19, 86006, 206871], [19, 86006, 206864], [19, 86000, 206870], [19, 86005, 206870], [19, 86004, 206870], [19, 86004, 206871], [19, 86008, 206867], [19, 86013, 206864], [19, 86006, 206868], [19, 86007, 206870], [19, 86010, 206865], [19, 86009, 206864], [19, 86004, 206869], [19, 86007, 206869], [19, 86005, 206869], [19, 86008, 206864], [19, 86010, 206866], [19, 86011, 206865], [19, 86009, 206865], [19, 86006, 206869], [19, 86011, 206864], [19, 86008, 206866], [19, 86012, 206864], [19, 86009, 206866], [19, 86010, 206864], [19, 86009, 206867], [19, 86008, 206865], [19, 86005, 206868], [19, 86011, 206867], [19, 86013, 206865], [19, 86015, 206864], [19, 86006, 206870], [19, 86014, 206865], [19, 86012, 206865], [19, 86014, 206864], [19, 86010, 206869], [19, 86010, 206867], [19, 86015, 206867], [19, 86007, 206868], [19, 86008, 206871], [19, 86011, 206866], [19, 86015, 206865], [19, 86011, 206869], [19, 86004, 206872], [19, 86009, 206871], [19, 86002, 206873], [19, 86012, 206867], [19, 86014, 206870], [19, 86010, 206870], [19, 86011, 206871], [19, 86002, 206872], [19, 86013, 206867], [19, 86015, 206866], [19, 86010, 206871], [19, 86012, 206870], [19, 86014, 206866], [19, 86009, 206872], [19, 86013, 206868], [19, 86013, 206866], [19, 86013, 206871], [19, 86009, 206868], [19, 86014, 206867], [19, 86012, 206866], [19, 86011, 206870], [19, 86000, 206872], [19, 86015, 206870], [19, 86008, 206870], [19, 86011, 206868], [19, 86013, 206869], [19, 86003, 206873], [19, 86008, 206868], [19, 86001, 206872], [19, 86014, 206871], [19, 86015, 206871], [19, 86011, 206873], [19, 86012, 206871], [19, 86012, 206868], [19, 86009, 206870], [19, 86015, 206869], [19, 86008, 206869], [19, 86010, 206868], [19, 86013, 206870], [19, 86010, 206872], [19, 86012, 206874], [19, 86014, 206873], [19, 86009, 206869], [19, 86013, 206872], [19, 86015, 206873], [19, 86012, 206869], [19, 86014, 206868], [19, 86010, 206873], [19, 86012, 206873], [19, 86013, 206873], [19, 86015, 206868], [19, 86014, 206869], [19, 86003, 206872], [19, 86011, 206872], [19, 86012, 206872], [19, 86014, 206872], [19, 86015, 206872]], "maxY": 206874, "maxX": 86015}