[[14, 2687, 6464], [14, 2687, 6464], [14, 2684, 6464], [14, 2685, 6464], [14, 2686, 6464], [14, 2687, 6464], [14, 2685, 6464], [14, 2687, 6464], [14, 2685, 6464], [14, 2687, 6464], [14, 2684, 6464], [14, 2686, 6464], [14, 2687, 6464], [14, 2687, 6464], [14, 2687, 6464], [14, 2684, 6464], [14, 2685, 6464], [14, 2687, 6464], [14, 2686, 6464], [14, 2684, 6464], [14, 2687, 6464], [14, 2687, 6464], [14, 2687, 6464], [14, 2686, 6464], [14, 2686, 6464], [14, 2687, 6464], [14, 2687, 6464], [14, 2687, 6464], [14, 2687, 6464], [14, 2686, 6464], [14, 2686, 6464], [14, 2687, 6464], [14, 2686, 6464], [14, 2686, 6464], [14, 2687, 6464], [14, 2686, 6464], [14, 2686, 6464], [14, 2686, 6464], [14, 2686, 6464], [14, 2686, 6464], [14, 2686, 6464], [14, 2686, 6464], [14, 2686, 6464], [14, 2687, 6464], [14, 2686, 6464], [14, 2687, 6464], [14, 2687, 6464], [14, 2687, 6464], [14, 2687, 6464], [14, 2686, 6464], [14, 2685, 6464], [14, 2687, 6464], [14, 2685, 6464], [14, 2685, 6464], [14, 2685, 6464], [14, 2685, 6464], [14, 2685, 6464], [14, 2687, 6464], [14, 2685, 6464], [14, 2687, 6464], [14, 2687, 6464], [14, 2686, 6464], [14, 2685, 6464], [14, 2685, 6464], [14, 2687, 6464], [14, 2687, 6464], [14, 2685, 6464], [14, 2687, 6464], [14, 2687, 6464], [14, 2686, 6464], [14, 2685, 6464], [14, 2686, 6464], [14, 2685, 6464], [14, 2686, 6464], [14, 2685, 6464], [14, 2686, 6464], [14, 2685, 6464], [14, 2686, 6464], [14, 2685, 6464], [14, 2687, 6464], [14, 2687, 6464], [14, 2687, 6464], [14, 2686, 6464], [14, 2686, 6464], [14, 2686, 6464], [14, 2685, 6464], [14, 2687, 6464], [14, 2687, 6464], [14, 2687, 6464], [14, 2687, 6464], [14, 2687, 6464], [14, 2686, 6464], [14, 2685, 6464], [14, 2686, 6464], [14, 2686, 6464], [14, 2686, 6464], [14, 2685, 6464], [14, 2687, 6464], [14, 2686, 6464], [14, 2686, 6464], [14, 2687, 6464], [14, 2687, 6464], [14, 2686, 6464], [14, 2686, 6464], [14, 2685, 6464], [14, 2687, 6464], [14, 2686, 6464], [14, 2687, 6464], [14, 2686, 6464], [14, 2686, 6464], [14, 2686, 6464], [14, 2685, 6464], [14, 2686, 6464], [14, 2686, 6464], [14, 2685, 6464], [14, 2687, 6464], [14, 2686, 6464], [14, 2685, 6464], [14, 2686, 6464], [14, 2687, 6464], [14, 2687, 6464], [14, 2686, 6464], [14, 2685, 6464], [14, 2685, 6464], [14, 2685, 6464], [14, 2687, 6464], [14, 2686, 6464], [14, 2686, 6464], [14, 2687, 6464], [14, 2687, 6464], [14, 2686, 6464], [14, 2687, 6464], [14, 2687, 6464], [14, 2687, 6464], [14, 2687, 6464], [14, 2687, 6464], [14, 2687, 6464], [14, 2686, 6464], [14, 2687, 6464], [14, 2687, 6464], [14, 2686, 6464], [14, 2687, 6464], [14, 2687, 6464], [14, 2687, 6464], [14, 2686, 6464], [14, 2687, 6464], [14, 2687, 6464], [14, 2686, 6464], [14, 2686, 6464], [14, 2686, 6464], [14, 2686, 6464], [14, 2686, 6464], [14, 2687, 6464], [14, 2686, 6464], [14, 2686, 6464], [14, 2686, 6464], [14, 2686, 6464], [14, 2686, 6464], [14, 2686, 6464], [14, 2686, 6464], [14, 2686, 6464], [14, 2686, 6464], [14, 2686, 6464], [14, 2686, 6464], [14, 2686, 6464], [14, 2687, 6464], [14, 2686, 6464], [14, 2687, 6464], [14, 2687, 6464], [14, 2687, 6464], [14, 2687, 6464], [14, 2687, 6464], [14, 2687, 6464], [14, 2687, 6464], [14, 2687, 6464], [14, 2687, 6464], [14, 2687, 6464], [14, 2687, 6464], [14, 2687, 6464], [14, 2687, 6464], [14, 2686, 6464], [14, 2687, 6464], [14, 2687, 6464], [14, 2687, 6464], [14, 2687, 6464], [14, 2687, 6464], [14, 2687, 6464], [14, 2687, 6464], [14, 2687, 6464], [14, 2687, 6464], [14, 2687, 6464], [14, 2687, 6464], [14, 2687, 6464], [14, 2687, 6464], [14, 2687, 6464], [14, 2687, 6464], [14, 2687, 6464], [14, 2687, 6464], [14, 2687, 6464], [14, 2687, 6464]]